2026-05-23 18:30:50,645 - src.partitioning.wrapper - INFO - Starting processing and partitioning.
2026-05-23 18:30:50,649 - src.partitioning.wrapper - INFO - Looking for files to process.
2026-05-23 18:30:50,651 - src.partitioning.wrapper - INFO - Starting multiprocessing the files.
2026-05-23 18:30:52,747 - src.partitioning.wrapper - INFO - File saved successfully to PartitioningResults_example.csv
2026-05-23 18:33:20,191 - pint.util - WARNING - Redefining 'percent' (<class 'pint.delegates.txt_defparser.plain.UnitDefinition'>)
2026-05-23 18:33:20,193 - pint.util - WARNING - Redefining '%' (<class 'pint.delegates.txt_defparser.plain.UnitDefinition'>)
2026-05-23 18:34:07,501 - partitioning.wrapper - INFO - PartitioningMethods: Starting processing and partitioning.
2026-05-23 18:34:07,503 - partitioning.wrapper - INFO - Looking for files to process.
2026-05-23 18:34:07,506 - partitioning.wrapper - INFO - Starting multiprocessing the files. Logging message might be mixed because of multiprocessing.
2026-05-23 18:34:09,443 - partitioning.Partitioning - ERROR - Negative vapor pressure deficit at leaf level using log-law profiles. Check the input data and try again or remove period. No water use efficiency calculation possible.
2026-05-23 18:34:09,451 - partitioning.wrapper - ERROR - Error while file ../../Test_loading_bmmflux/test_input/timeseries/LAFI_ECNorth_2m_IOP2/LAFI_ECNorth_2m_IOP2_timeseries_20250523_051500_DOY137-145_1800sec_3Drot_frc_tempplausadj.csv
2026-05-23 18:34:09,457 - partitioning.wrapper - ERROR - Error caused by: Negative vapor pressure deficit at leaf level using log-law profiles. Check the input data and try again or remove period. No water use efficiency calculation possible.
2026-05-23 18:34:12,771 - partitioning.Partitioning - ERROR - Negative vapor pressure deficit at leaf level using log-law profiles. Check the input data and try again or remove period. No water use efficiency calculation possible.
2026-05-23 18:34:12,780 - partitioning.wrapper - ERROR - Error while file ../../Test_loading_bmmflux/test_input/timeseries/LAFI_ECNorth_2m_IOP2/LAFI_ECNorth_2m_IOP2_timeseries_20250525_104500_DOY137-145_1800sec_3Drot_frc_tempplausadj.csv
2026-05-23 18:34:12,785 - partitioning.wrapper - ERROR - Error caused by: Negative vapor pressure deficit at leaf level using log-law profiles. Check the input data and try again or remove period. No water use efficiency calculation possible.
2026-05-23 18:34:14,116 - partitioning.Partitioning - ERROR - Negative vapor pressure deficit at leaf level using log-law profiles. Check the input data and try again or remove period. No water use efficiency calculation possible.
2026-05-23 18:34:14,121 - partitioning.wrapper - ERROR - Error while file ../../Test_loading_bmmflux/test_input/timeseries/LAFI_ECNorth_2m_IOP2/LAFI_ECNorth_2m_IOP2_timeseries_20250522_071500_DOY137-145_1800sec_3Drot_frc_tempplausadj.csv
2026-05-23 18:34:14,126 - partitioning.wrapper - ERROR - Error caused by: Negative vapor pressure deficit at leaf level using log-law profiles. Check the input data and try again or remove period. No water use efficiency calculation possible.
2026-05-23 18:34:14,790 - partitioning.Partitioning - ERROR - Negative vapor pressure deficit at leaf level using log-law profiles. Check the input data and try again or remove period. No water use efficiency calculation possible.
2026-05-23 18:34:14,796 - partitioning.wrapper - ERROR - Error while file ../../Test_loading_bmmflux/test_input/timeseries/LAFI_ECNorth_2m_IOP2/LAFI_ECNorth_2m_IOP2_timeseries_20250522_114500_DOY137-145_1800sec_3Drot_frc_tempplausadj.csv
2026-05-23 18:34:14,802 - partitioning.wrapper - ERROR - Error caused by: Negative vapor pressure deficit at leaf level using log-law profiles. Check the input data and try again or remove period. No water use efficiency calculation possible.
2026-05-23 18:34:15,954 - partitioning.Partitioning - ERROR - Negative vapor pressure deficit at leaf level using log-law profiles. Check the input data and try again or remove period. No water use efficiency calculation possible.
2026-05-23 18:34:15,960 - partitioning.wrapper - ERROR - Error while file ../../Test_loading_bmmflux/test_input/timeseries/LAFI_ECNorth_2m_IOP2/LAFI_ECNorth_2m_IOP2_timeseries_20250521_121500_DOY137-145_1800sec_3Drot_frc_tempplausadj.csv
2026-05-23 18:34:15,965 - partitioning.wrapper - ERROR - Error caused by: Negative vapor pressure deficit at leaf level using log-law profiles. Check the input data and try again or remove period. No water use efficiency calculation possible.
2026-05-23 18:34:16,148 - partitioning.Partitioning - ERROR - Negative vapor pressure deficit at leaf level using log-law profiles. Check the input data and try again or remove period. No water use efficiency calculation possible.
2026-05-23 18:34:16,153 - partitioning.wrapper - ERROR - Error while file ../../Test_loading_bmmflux/test_input/timeseries/LAFI_ECNorth_2m_IOP2/LAFI_ECNorth_2m_IOP2_timeseries_20250524_044500_DOY137-145_1800sec_3Drot_frc_tempplausadj.csv
2026-05-23 18:34:16,158 - partitioning.wrapper - ERROR - Error caused by: Negative vapor pressure deficit at leaf level using log-law profiles. Check the input data and try again or remove period. No water use efficiency calculation possible.
2026-05-23 18:34:17,074 - partitioning.Partitioning - ERROR - Negative vapor pressure deficit at leaf level using log-law profiles. Check the input data and try again or remove period. No water use efficiency calculation possible.
2026-05-23 18:34:17,080 - partitioning.wrapper - ERROR - Error while file ../../Test_loading_bmmflux/test_input/timeseries/LAFI_ECNorth_2m_IOP2/LAFI_ECNorth_2m_IOP2_timeseries_20250522_121500_DOY137-145_1800sec_3Drot_frc_tempplausadj.csv
2026-05-23 18:34:17,089 - partitioning.wrapper - ERROR - Error caused by: Negative vapor pressure deficit at leaf level using log-law profiles. Check the input data and try again or remove period. No water use efficiency calculation possible.
2026-05-23 18:34:19,520 - partitioning.Partitioning - ERROR - Negative vapor pressure deficit at leaf level using log-law profiles. Check the input data and try again or remove period. No water use efficiency calculation possible.
2026-05-23 18:34:19,526 - partitioning.wrapper - ERROR - Error while file ../../Test_loading_bmmflux/test_input/timeseries/LAFI_ECNorth_2m_IOP2/LAFI_ECNorth_2m_IOP2_timeseries_20250522_124500_DOY137-145_1800sec_3Drot_frc_tempplausadj.csv
2026-05-23 18:34:19,532 - partitioning.wrapper - ERROR - Error caused by: Negative vapor pressure deficit at leaf level using log-law profiles. Check the input data and try again or remove period. No water use efficiency calculation possible.
2026-05-23 18:34:19,990 - partitioning.Partitioning - ERROR - Negative vapor pressure deficit at leaf level using log-law profiles. Check the input data and try again or remove period. No water use efficiency calculation possible.
2026-05-23 18:34:19,999 - partitioning.wrapper - ERROR - Error while file ../../Test_loading_bmmflux/test_input/timeseries/LAFI_ECNorth_2m_IOP2/LAFI_ECNorth_2m_IOP2_timeseries_20250521_141500_DOY137-145_1800sec_3Drot_frc_tempplausadj.csv
2026-05-23 18:34:20,005 - partitioning.wrapper - ERROR - Error caused by: Negative vapor pressure deficit at leaf level using log-law profiles. Check the input data and try again or remove period. No water use efficiency calculation possible.
2026-05-23 18:34:20,797 - partitioning.Partitioning - ERROR - Negative vapor pressure deficit at leaf level using log-law profiles. Check the input data and try again or remove period. No water use efficiency calculation possible.
2026-05-23 18:34:20,802 - partitioning.wrapper - ERROR - Error while file ../../Test_loading_bmmflux/test_input/timeseries/LAFI_ECNorth_2m_IOP2/LAFI_ECNorth_2m_IOP2_timeseries_20250521_114500_DOY137-145_1800sec_3Drot_frc_tempplausadj.csv
2026-05-23 18:34:20,807 - partitioning.wrapper - ERROR - Error caused by: Negative vapor pressure deficit at leaf level using log-law profiles. Check the input data and try again or remove period. No water use efficiency calculation possible.
2026-05-23 18:34:22,627 - partitioning.Partitioning - ERROR - Negative vapor pressure deficit at leaf level using log-law profiles. Check the input data and try again or remove period. No water use efficiency calculation possible.
2026-05-23 18:34:22,633 - partitioning.wrapper - ERROR - Error while file ../../Test_loading_bmmflux/test_input/timeseries/LAFI_ECNorth_2m_IOP2/LAFI_ECNorth_2m_IOP2_timeseries_20250525_111500_DOY137-145_1800sec_3Drot_frc_tempplausadj.csv
2026-05-23 18:34:22,637 - partitioning.wrapper - ERROR - Error caused by: Negative vapor pressure deficit at leaf level using log-law profiles. Check the input data and try again or remove period. No water use efficiency calculation possible.
2026-05-23 18:34:25,918 - partitioning.Partitioning - ERROR - Negative vapor pressure deficit at leaf level using log-law profiles. Check the input data and try again or remove period. No water use efficiency calculation possible.
2026-05-23 18:34:25,923 - partitioning.wrapper - ERROR - Error while file ../../Test_loading_bmmflux/test_input/timeseries/LAFI_ECNorth_2m_IOP2/LAFI_ECNorth_2m_IOP2_timeseries_20250522_111500_DOY137-145_1800sec_3Drot_frc_tempplausadj.csv
2026-05-23 18:34:25,927 - partitioning.wrapper - ERROR - Error caused by: Negative vapor pressure deficit at leaf level using log-law profiles. Check the input data and try again or remove period. No water use efficiency calculation possible.
2026-05-23 18:34:26,931 - partitioning.Partitioning - ERROR - Negative vapor pressure deficit at leaf level using log-law profiles. Check the input data and try again or remove period. No water use efficiency calculation possible.
2026-05-23 18:34:26,938 - partitioning.wrapper - ERROR - Error while file ../../Test_loading_bmmflux/test_input/timeseries/LAFI_ECNorth_2m_IOP2/LAFI_ECNorth_2m_IOP2_timeseries_20250522_014500_DOY137-145_1800sec_3Drot_frc_tempplausadj.csv
2026-05-23 18:34:26,945 - partitioning.wrapper - ERROR - Error caused by: Negative vapor pressure deficit at leaf level using log-law profiles. Check the input data and try again or remove period. No water use efficiency calculation possible.
2026-05-23 18:34:27,808 - partitioning.Partitioning - ERROR - Negative vapor pressure deficit at leaf level using log-law profiles. Check the input data and try again or remove period. No water use efficiency calculation possible.
2026-05-23 18:34:27,814 - partitioning.wrapper - ERROR - Error while file ../../Test_loading_bmmflux/test_input/timeseries/LAFI_ECNorth_2m_IOP2/LAFI_ECNorth_2m_IOP2_timeseries_20250525_101500_DOY137-145_1800sec_3Drot_frc_tempplausadj.csv
2026-05-23 18:34:27,820 - partitioning.wrapper - ERROR - Error caused by: Negative vapor pressure deficit at leaf level using log-law profiles. Check the input data and try again or remove period. No water use efficiency calculation possible.
2026-05-23 18:34:28,135 - partitioning.Partitioning - ERROR - Negative vapor pressure deficit at leaf level using log-law profiles. Check the input data and try again or remove period. No water use efficiency calculation possible.
2026-05-23 18:34:28,141 - partitioning.wrapper - ERROR - Error while file ../../Test_loading_bmmflux/test_input/timeseries/LAFI_ECNorth_2m_IOP2/LAFI_ECNorth_2m_IOP2_timeseries_20250524_054500_DOY137-145_1800sec_3Drot_frc_tempplausadj.csv
2026-05-23 18:34:28,147 - partitioning.wrapper - ERROR - Error caused by: Negative vapor pressure deficit at leaf level using log-law profiles. Check the input data and try again or remove period. No water use efficiency calculation possible.
2026-05-23 18:34:28,316 - partitioning.Partitioning - ERROR - Negative vapor pressure deficit at leaf level using log-law profiles. Check the input data and try again or remove period. No water use efficiency calculation possible.
2026-05-23 18:34:28,322 - partitioning.wrapper - ERROR - Error while file ../../Test_loading_bmmflux/test_input/timeseries/LAFI_ECNorth_2m_IOP2/LAFI_ECNorth_2m_IOP2_timeseries_20250523_091500_DOY137-145_1800sec_3Drot_frc_tempplausadj.csv
2026-05-23 18:34:28,328 - partitioning.wrapper - ERROR - Error caused by: Negative vapor pressure deficit at leaf level using log-law profiles. Check the input data and try again or remove period. No water use efficiency calculation possible.
2026-05-23 18:34:29,013 - partitioning.wrapper - INFO - Results saved successfully to ../../Test_loading_bmmflux/test_output/PartitioningResults_logging.csv
2026-05-23 18:39:02,191 - partitioning.wrapper - INFO - PartitioningMethods: Starting processing and partitioning.
2026-05-23 18:39:02,195 - partitioning.wrapper - INFO - Looking for files to process.
2026-05-23 18:39:02,203 - partitioning.wrapper - INFO - Starting multiprocessing the files. Logging message might be mixed because of multiprocessing.
2026-05-23 18:39:04,205 - partitioning.Partitioning - ERROR - Negative vapor pressure deficit at leaf level using log-law profiles.For this period, no water use efficiency calculation possible.
2026-05-23 18:39:04,212 - partitioning.wrapper - ERROR - Error while file ../../Test_loading_bmmflux/test_input/timeseries/LAFI_ECNorth_2m_IOP2/LAFI_ECNorth_2m_IOP2_timeseries_20250523_051500_DOY137-145_1800sec_3Drot_frc_tempplausadj.csv
2026-05-23 18:39:04,217 - partitioning.wrapper - ERROR - Error caused by: Negative vapor pressure deficit at leaf level using log-law profiles.For this period, no water use efficiency calculation possible.
2026-05-23 18:39:07,594 - partitioning.Partitioning - ERROR - Negative vapor pressure deficit at leaf level using log-law profiles.For this period, no water use efficiency calculation possible.
2026-05-23 18:39:07,623 - partitioning.wrapper - ERROR - Error while file ../../Test_loading_bmmflux/test_input/timeseries/LAFI_ECNorth_2m_IOP2/LAFI_ECNorth_2m_IOP2_timeseries_20250525_104500_DOY137-145_1800sec_3Drot_frc_tempplausadj.csv
2026-05-23 18:39:07,631 - partitioning.wrapper - ERROR - Error caused by: Negative vapor pressure deficit at leaf level using log-law profiles.For this period, no water use efficiency calculation possible.
2026-05-23 18:39:09,045 - partitioning.Partitioning - ERROR - Negative vapor pressure deficit at leaf level using log-law profiles.For this period, no water use efficiency calculation possible.
2026-05-23 18:39:09,052 - partitioning.wrapper - ERROR - Error while file ../../Test_loading_bmmflux/test_input/timeseries/LAFI_ECNorth_2m_IOP2/LAFI_ECNorth_2m_IOP2_timeseries_20250522_071500_DOY137-145_1800sec_3Drot_frc_tempplausadj.csv
2026-05-23 18:39:09,060 - partitioning.wrapper - ERROR - Error caused by: Negative vapor pressure deficit at leaf level using log-law profiles.For this period, no water use efficiency calculation possible.
2026-05-23 18:39:09,690 - partitioning.Partitioning - ERROR - Negative vapor pressure deficit at leaf level using log-law profiles.For this period, no water use efficiency calculation possible.
2026-05-23 18:39:09,698 - partitioning.wrapper - ERROR - Error while file ../../Test_loading_bmmflux/test_input/timeseries/LAFI_ECNorth_2m_IOP2/LAFI_ECNorth_2m_IOP2_timeseries_20250522_114500_DOY137-145_1800sec_3Drot_frc_tempplausadj.csv
2026-05-23 18:39:09,705 - partitioning.wrapper - ERROR - Error caused by: Negative vapor pressure deficit at leaf level using log-law profiles.For this period, no water use efficiency calculation possible.
2026-05-23 18:39:10,871 - partitioning.Partitioning - ERROR - Negative vapor pressure deficit at leaf level using log-law profiles.For this period, no water use efficiency calculation possible.
2026-05-23 18:39:10,879 - partitioning.wrapper - ERROR - Error while file ../../Test_loading_bmmflux/test_input/timeseries/LAFI_ECNorth_2m_IOP2/LAFI_ECNorth_2m_IOP2_timeseries_20250521_121500_DOY137-145_1800sec_3Drot_frc_tempplausadj.csv
2026-05-23 18:39:10,886 - partitioning.wrapper - ERROR - Error caused by: Negative vapor pressure deficit at leaf level using log-law profiles.For this period, no water use efficiency calculation possible.
2026-05-23 18:39:11,149 - partitioning.Partitioning - ERROR - Negative vapor pressure deficit at leaf level using log-law profiles.For this period, no water use efficiency calculation possible.
2026-05-23 18:39:11,157 - partitioning.wrapper - ERROR - Error while file ../../Test_loading_bmmflux/test_input/timeseries/LAFI_ECNorth_2m_IOP2/LAFI_ECNorth_2m_IOP2_timeseries_20250524_044500_DOY137-145_1800sec_3Drot_frc_tempplausadj.csv
2026-05-23 18:39:11,165 - partitioning.wrapper - ERROR - Error caused by: Negative vapor pressure deficit at leaf level using log-law profiles.For this period, no water use efficiency calculation possible.
2026-05-23 18:39:12,053 - partitioning.Partitioning - ERROR - Negative vapor pressure deficit at leaf level using log-law profiles.For this period, no water use efficiency calculation possible.
2026-05-23 18:39:12,059 - partitioning.wrapper - ERROR - Error while file ../../Test_loading_bmmflux/test_input/timeseries/LAFI_ECNorth_2m_IOP2/LAFI_ECNorth_2m_IOP2_timeseries_20250522_121500_DOY137-145_1800sec_3Drot_frc_tempplausadj.csv
2026-05-23 18:39:12,066 - partitioning.wrapper - ERROR - Error caused by: Negative vapor pressure deficit at leaf level using log-law profiles.For this period, no water use efficiency calculation possible.
2026-05-23 18:39:14,650 - partitioning.Partitioning - ERROR - Negative vapor pressure deficit at leaf level using log-law profiles.For this period, no water use efficiency calculation possible.
2026-05-23 18:39:14,658 - partitioning.wrapper - ERROR - Error while file ../../Test_loading_bmmflux/test_input/timeseries/LAFI_ECNorth_2m_IOP2/LAFI_ECNorth_2m_IOP2_timeseries_20250522_124500_DOY137-145_1800sec_3Drot_frc_tempplausadj.csv
2026-05-23 18:39:14,664 - partitioning.wrapper - ERROR - Error caused by: Negative vapor pressure deficit at leaf level using log-law profiles.For this period, no water use efficiency calculation possible.
2026-05-23 18:39:15,076 - partitioning.Partitioning - ERROR - Negative vapor pressure deficit at leaf level using log-law profiles.For this period, no water use efficiency calculation possible.
2026-05-23 18:39:15,083 - partitioning.wrapper - ERROR - Error while file ../../Test_loading_bmmflux/test_input/timeseries/LAFI_ECNorth_2m_IOP2/LAFI_ECNorth_2m_IOP2_timeseries_20250521_141500_DOY137-145_1800sec_3Drot_frc_tempplausadj.csv
2026-05-23 18:39:15,088 - partitioning.wrapper - ERROR - Error caused by: Negative vapor pressure deficit at leaf level using log-law profiles.For this period, no water use efficiency calculation possible.
2026-05-23 18:39:15,892 - partitioning.Partitioning - ERROR - Negative vapor pressure deficit at leaf level using log-law profiles.For this period, no water use efficiency calculation possible.
2026-05-23 18:39:15,899 - partitioning.wrapper - ERROR - Error while file ../../Test_loading_bmmflux/test_input/timeseries/LAFI_ECNorth_2m_IOP2/LAFI_ECNorth_2m_IOP2_timeseries_20250521_114500_DOY137-145_1800sec_3Drot_frc_tempplausadj.csv
2026-05-23 18:39:15,907 - partitioning.wrapper - ERROR - Error caused by: Negative vapor pressure deficit at leaf level using log-law profiles.For this period, no water use efficiency calculation possible.
2026-05-23 18:39:18,475 - partitioning.Partitioning - ERROR - Negative vapor pressure deficit at leaf level using log-law profiles.For this period, no water use efficiency calculation possible.
2026-05-23 18:39:18,487 - partitioning.wrapper - ERROR - Error while file ../../Test_loading_bmmflux/test_input/timeseries/LAFI_ECNorth_2m_IOP2/LAFI_ECNorth_2m_IOP2_timeseries_20250525_111500_DOY137-145_1800sec_3Drot_frc_tempplausadj.csv
2026-05-23 18:39:18,500 - partitioning.wrapper - ERROR - Error caused by: Negative vapor pressure deficit at leaf level using log-law profiles.For this period, no water use efficiency calculation possible.
2026-05-23 18:39:22,370 - partitioning.Partitioning - ERROR - Negative vapor pressure deficit at leaf level using log-law profiles.For this period, no water use efficiency calculation possible.
2026-05-23 18:39:22,378 - partitioning.wrapper - ERROR - Error while file ../../Test_loading_bmmflux/test_input/timeseries/LAFI_ECNorth_2m_IOP2/LAFI_ECNorth_2m_IOP2_timeseries_20250522_111500_DOY137-145_1800sec_3Drot_frc_tempplausadj.csv
2026-05-23 18:39:22,386 - partitioning.wrapper - ERROR - Error caused by: Negative vapor pressure deficit at leaf level using log-law profiles.For this period, no water use efficiency calculation possible.
2026-05-23 18:39:23,559 - partitioning.Partitioning - ERROR - Negative vapor pressure deficit at leaf level using log-law profiles.For this period, no water use efficiency calculation possible.
2026-05-23 18:39:23,566 - partitioning.wrapper - ERROR - Error while file ../../Test_loading_bmmflux/test_input/timeseries/LAFI_ECNorth_2m_IOP2/LAFI_ECNorth_2m_IOP2_timeseries_20250522_014500_DOY137-145_1800sec_3Drot_frc_tempplausadj.csv
2026-05-23 18:39:23,574 - partitioning.wrapper - ERROR - Error caused by: Negative vapor pressure deficit at leaf level using log-law profiles.For this period, no water use efficiency calculation possible.
2026-05-23 18:39:24,565 - partitioning.Partitioning - ERROR - Negative vapor pressure deficit at leaf level using log-law profiles.For this period, no water use efficiency calculation possible.
2026-05-23 18:39:24,578 - partitioning.wrapper - ERROR - Error while file ../../Test_loading_bmmflux/test_input/timeseries/LAFI_ECNorth_2m_IOP2/LAFI_ECNorth_2m_IOP2_timeseries_20250525_101500_DOY137-145_1800sec_3Drot_frc_tempplausadj.csv
2026-05-23 18:39:24,591 - partitioning.wrapper - ERROR - Error caused by: Negative vapor pressure deficit at leaf level using log-law profiles.For this period, no water use efficiency calculation possible.
2026-05-23 18:39:24,622 - partitioning.Partitioning - ERROR - Negative vapor pressure deficit at leaf level using log-law profiles.For this period, no water use efficiency calculation possible.
2026-05-23 18:39:24,631 - partitioning.wrapper - ERROR - Error while file ../../Test_loading_bmmflux/test_input/timeseries/LAFI_ECNorth_2m_IOP2/LAFI_ECNorth_2m_IOP2_timeseries_20250524_054500_DOY137-145_1800sec_3Drot_frc_tempplausadj.csv
2026-05-23 18:39:24,640 - partitioning.wrapper - ERROR - Error caused by: Negative vapor pressure deficit at leaf level using log-law profiles.For this period, no water use efficiency calculation possible.
2026-05-23 18:39:24,812 - partitioning.Partitioning - ERROR - Negative vapor pressure deficit at leaf level using log-law profiles.For this period, no water use efficiency calculation possible.
2026-05-23 18:39:24,819 - partitioning.wrapper - ERROR - Error while file ../../Test_loading_bmmflux/test_input/timeseries/LAFI_ECNorth_2m_IOP2/LAFI_ECNorth_2m_IOP2_timeseries_20250523_091500_DOY137-145_1800sec_3Drot_frc_tempplausadj.csv
2026-05-23 18:39:24,828 - partitioning.wrapper - ERROR - Error caused by: Negative vapor pressure deficit at leaf level using log-law profiles.For this period, no water use efficiency calculation possible.
2026-05-23 18:39:25,727 - partitioning.wrapper - INFO - Results saved successfully to ../../Test_loading_bmmflux/test_output/PartitioningResults_logging.csv
